---
source: crates/biome_js_analyze/tests/spec_tests.rs
expression: invalid_anonymous_array.js
---
# Input
```jsx
export default []

```

# Diagnostics
```
invalid_anonymous_array.js:1:1 lint/nursery/noAnonymousDefaultExport ━━━━━━━━━━━━━━━━━━━━━━━━━━━━━━━

  ! Avoid anonymous default exports. (array expression)
  
  > 1 │ export default []
      │ ^^^^^^^^^^^^^^^^^
    2 │ 
  
  i Anonymous exports inhibit naming consistency in code.
  
  i It is necessary to assign to a variable instead.
  

```
