---
source: crates/biome_js_analyze/tests/spec_tests.rs
expression: invalid_anonymous_instance.js
---
# Input
```jsx
export default new Foo()

```

# Diagnostics
```
invalid_anonymous_instance.js:1:1 lint/nursery/noAnonymousDefaultExport ━━━━━━━━━━━━━━━━━━━━━━━━━━━━

  ! Avoid anonymous default exports. (new expression)
  
  > 1 │ export default new Foo()
      │ ^^^^^^^^^^^^^^^^^^^^^^^^
    2 │ 
  
  i Anonymous exports inhibit naming consistency in code.
  
  i It is necessary to assign to a variable instead.
  

```
