---
source: crates/biome_js_analyze/tests/spec_tests.rs
expression: invalid_component_and_default_class.jsx
---
# Input
```jsx
export const SampleComponent = () => <></>
export default class hoge {
}
```

# Diagnostics
```
invalid_component_and_default_class.jsx:2:22 lint/nursery/noSimultaneousExportOfComponentsAndNonComponents ━━━━━━━━━━

  ! Components and non-components functions are exported at the same time.
  
    1 │ export const SampleComponent = () => <></>
  > 2 │ export default class hoge {
      │                      ^^^^
    3 │ }
  
  i React components and regular functions must be exported in separate files.
  

```
