---
source: crates/biome_js_analyze/tests/spec_tests.rs
expression: invalid_component_and_export_non_in_ignore_export_names.jsx
---
# Input
```jsx
export const loader = () => {}
export const Bar = () => {}
export const foo = () => {}

```

# Diagnostics
```
invalid_component_and_export_non_in_ignore_export_names.jsx:1:14 lint/nursery/noSimultaneousExportOfComponentsAndNonComponents ━━━━━━━━━━

  ! Components and non-components functions are exported at the same time.
  
  > 1 │ export const loader = () => {}
      │              ^^^^^^
    2 │ export const Bar = () => {}
    3 │ export const foo = () => {}
  
  i React components and regular functions must be exported in separate files.
  

```

```
invalid_component_and_export_non_in_ignore_export_names.jsx:3:14 lint/nursery/noSimultaneousExportOfComponentsAndNonComponents ━━━━━━━━━━

  ! Components and non-components functions are exported at the same time.
  
    1 │ export const loader = () => {}
    2 │ export const Bar = () => {}
  > 3 │ export const foo = () => {}
      │              ^^^
    4 │ 
  
  i React components and regular functions must be exported in separate files.
  

```
